Flow report for mse_demo
Tue Nov 12 18:28:56 2024
Quartus Prime Version 18.1.0 Build 625 09/12/2018 SJ Lite Edition


---------------------
; Table of Contents ;
---------------------
  1. Legal Notice
  2. Flow Summary
  3. Flow Settings
  4. Flow Non-Default Global Settings
  5. Flow Elapsed Time
  6. Flow OS Summary
  7. Flow Log
  8. Flow Messages
  9. Flow Suppressed Messages



----------------
; Legal Notice ;
----------------
Copyright (C) 2018  Intel Corporation. All rights reserved.
Your use of Intel Corporation's design tools, logic functions 
and other software and tools, and its AMPP partner logic 
functions, and any output files from any of the foregoing 
(including device programming or simulation files), and any 
associated documentation or information are expressly subject 
to the terms and conditions of the Intel Program License 
Subscription Agreement, the Intel Quartus Prime License Agreement,
the Intel FPGA IP License Agreement, or other applicable license
agreement, including, without limitation, that your use is for
the sole purpose of programming logic devices manufactured by
Intel and sold by Intel or its authorized distributors.  Please
refer to the applicable agreement for further details.



+----------------------------------------------------------------------------------+
; Flow Summary                                                                     ;
+------------------------------------+---------------------------------------------+
; Flow Status                        ; Successful - Tue Nov 12 18:28:48 2024       ;
; Quartus Prime Version              ; 18.1.0 Build 625 09/12/2018 SJ Lite Edition ;
; Revision Name                      ; mse_demo                                    ;
; Top-level Entity Name              ; mse_demo                                    ;
; Family                             ; Cyclone IV E                                ;
; Device                             ; EP4CE30F23C7                                ;
; Timing Models                      ; Final                                       ;
; Total logic elements               ; 7,778 / 28,848 ( 27 % )                     ;
;     Total combinational functions  ; 6,853 / 28,848 ( 24 % )                     ;
;     Dedicated logic registers      ; 4,668 / 28,848 ( 16 % )                     ;
; Total registers                    ; 4736                                        ;
; Total pins                         ; 121 / 329 ( 37 % )                          ;
; Total virtual pins                 ; 0                                           ;
; Total memory bits                  ; 122,240 / 608,256 ( 20 % )                  ;
; Embedded Multiplier 9-bit elements ; 6 / 132 ( 5 % )                             ;
; Total PLLs                         ; 1 / 4 ( 25 % )                              ;
+------------------------------------+---------------------------------------------+


+-----------------------------------------+
; Flow Settings                           ;
+-------------------+---------------------+
; Option            ; Setting             ;
+-------------------+---------------------+
; Start date & time ; 11/12/2024 18:25:46 ;
; Main task         ; Compilation         ;
; Revision Name     ; mse_demo            ;
+-------------------+---------------------+


+-------------------------------------------------------------------------------------------------------------------------+
; Flow Non-Default Global Settings                                                                                        ;
+-------------------------------------+----------------------------------------+---------------+-------------+------------+
; Assignment Name                     ; Value                                  ; Default Value ; Entity Name ; Section Id ;
+-------------------------------------+----------------------------------------+---------------+-------------+------------+
; COMPILER_SIGNATURE_ID               ; 167275814683853.173143234633800        ; --            ; --          ; --         ;
; MAX_CORE_JUNCTION_TEMP              ; 85                                     ; --            ; --          ; --         ;
; MIN_CORE_JUNCTION_TEMP              ; 0                                      ; --            ; --          ; --         ;
; PARTITION_COLOR                     ; -- (Not supported for targeted family) ; --            ; --          ; Top        ;
; PARTITION_FITTER_PRESERVATION_LEVEL ; -- (Not supported for targeted family) ; --            ; --          ; Top        ;
; PARTITION_NETLIST_TYPE              ; -- (Not supported for targeted family) ; --            ; --          ; Top        ;
; POWER_BOARD_THERMAL_MODEL           ; None (CONSERVATIVE)                    ; --            ; --          ; --         ;
; POWER_PRESET_COOLING_SOLUTION       ; 23 MM HEAT SINK WITH 200 LFPM AIRFLOW  ; --            ; --          ; --         ;
+-------------------------------------+----------------------------------------+---------------+-------------+------------+


+--------------------------------------------------------------------------------------------------------------------------+
; Flow Elapsed Time                                                                                                        ;
+----------------------+--------------+-------------------------+---------------------+------------------------------------+
; Module Name          ; Elapsed Time ; Average Processors Used ; Peak Virtual Memory ; Total CPU Time (on all processors) ;
+----------------------+--------------+-------------------------+---------------------+------------------------------------+
; Analysis & Synthesis ; 00:01:40     ; 1.0                     ; 1219 MB             ; 00:03:33                           ;
; Fitter               ; 00:01:12     ; 1.2                     ; 1677 MB             ; 00:02:01                           ;
; Assembler            ; 00:00:03     ; 1.0                     ; 828 MB              ; 00:00:03                           ;
; Timing Analyzer      ; 00:00:07     ; 1.5                     ; 955 MB              ; 00:00:09                           ;
; Total                ; 00:03:02     ; --                      ; --                  ; 00:05:46                           ;
+----------------------+--------------+-------------------------+---------------------+------------------------------------+


+-------------------------------------------------------------------------------------------------------+
; Flow OS Summary                                                                                       ;
+----------------------+-----------------------+-------------------+-------------------+----------------+
; Module Name          ; Machine Hostname      ; OS Name           ; OS Version        ; Processor type ;
+----------------------+-----------------------+-------------------+-------------------+----------------+
; Analysis & Synthesis ; deremos-aspirea71771g ; EndeavourOS Linux ; EndeavourOS Linux ; x86_64         ;
; Fitter               ; deremos-aspirea71771g ; EndeavourOS Linux ; EndeavourOS Linux ; x86_64         ;
; Assembler            ; deremos-aspirea71771g ; EndeavourOS Linux ; EndeavourOS Linux ; x86_64         ;
; Timing Analyzer      ; deremos-aspirea71771g ; EndeavourOS Linux ; EndeavourOS Linux ; x86_64         ;
+----------------------+-----------------------+-------------------+-------------------+----------------+


------------
; Flow Log ;
------------
quartus_map --read_settings_files=on --write_settings_files=off mse_demo -c mse_demo
quartus_fit --read_settings_files=off --write_settings_files=off mse_demo -c mse_demo
quartus_asm --read_settings_files=off --write_settings_files=off mse_demo -c mse_demo
quartus_sta mse_demo -c mse_demo



